// Jest Snapshot v1, https://goo.gl/fbAQLP

exports[`datasource/cargo getPkgReleases processes real data 1`] = `
Object {
  "releases": Array [
    "0.2.44",
  ],
  "repository": "https://github.com/rust-lang/libc",
}
`;

exports[`datasource/cargo getPkgReleases processes real data 2`] = `
Object {
  "homepage": "https://www.amethyst.rs/",
  "releases": Array [
    "0.9.0",
  ],
  "repository": "https://github.com/amethyst/amethyst",
}
`;
