// Jest Snapshot v1, https://goo.gl/fbAQLP

exports[`datasource/opam getPkgReleases returns versions if both requests to GitHub API are successful 1`] = `
Object {
  "homepage": "http://0install.net/",
  "name": "0install",
  "releases": Array [
    Object {
      "version": "2.10",
    },
    Object {
      "version": "2.11",
    },
    Object {
      "version": "2.12.1",
    },
    Object {
      "version": "2.12.3",
    },
    Object {
      "version": "2.12",
    },
    Object {
      "version": "2.14.1",
    },
    Object {
      "version": "2.14",
    },
    Object {
      "version": "2.6.2",
    },
    Object {
      "version": "2.8",
    },
    Object {
      "version": "2.9.1",
    },
  ],
}
`;
