// Jest Snapshot v1, https://goo.gl/fbAQLP

exports[`cargo.getArtifacts() catches errors 1`] = `
Object {
  "lockFileError": Object {
    "lockFile": "Cargo.lock",
    "stderr": "The \\"directory\\" argument must be of type string. Received type undefined",
  },
}
`;

exports[`cargo.getArtifacts() generates Cargo.lock 1`] = `
Object {
  "file": Object {
    "contents": "[[package]]
name = \\"example_crate\\"
version = \\"0.1.0\\"
dependencies = [
 \\"libc 0.2.44 (registry+https://github.com/rust-lang/crates.io-index)\\",
]

[[package]]
name = \\"libc\\"
version = \\"0.2.44\\"
source = \\"registry+https://github.com/rust-lang/crates.io-index\\"

[metadata]
\\"checksum libc 0.2.44 (registry+https://github.com/rust-lang/crates.io-index)\\" = \\"10923947f84a519a45c8fefb7dd1b3e8c08747993381adee176d7a82b4195311\\"
",
    "name": "Cargo.lock",
  },
}
`;
