// Jest Snapshot v1, https://goo.gl/fbAQLP

exports[`lib/manager/helm/extract extractPackageFile() parses simple requirements.yaml correctly 1`] = `
Object {
  "chartName": "example",
  "datasource": "helm",
  "deps": Array [
    Object {
      "currentValue": "0.9.0",
      "depName": "redis",
      "helmRepository": "https://kubernetes-charts.storage.googleapis.com/",
    },
    Object {
      "currentValue": "0.8.1",
      "depName": "postgresql",
      "helmRepository": "https://kubernetes-charts.storage.googleapis.com/",
    },
  ],
}
`;
